#                                                                            --- full sequence --- -------------- this domain -------------   hmm coord   ali coord   env coord
# target name        accession   tlen query name           accession   qlen   E-value  score  bias   #  of  c-Evalue  i-Evalue  score  bias  from    to  from    to  from    to  acc description of target
#------------------- ---------- ----- -------------------- ---------- ----- --------- ------ ----- --- --- --------- --------- ------ ----- ----- ----- ----- ----- ----- ----- ---- ---------------------
A0A1V4HUB8/27-129    -            103 Bac_globin           PF01152.28   121   3.3e-05   23.9   0.0   1   1   4.5e-07   4.4e-05   23.5   0.0    19    97     1    79     1    90 0.87 tr|A0A1V4HUB8|A0A1V4HUB8_NITVU Hemin receptor OS=Nitrobacter vulgaris OX=29421 GN=B2M20_16865 PE=3 SV=1
A3WZM3/27-129        -            103 Bac_globin           PF01152.28   121    0.0001   22.4   0.0   1   1   1.6e-06   0.00016   21.7   0.0    19    98     1    80     1    93 0.83 tr|A3WZM3|A3WZM3_9BRAD Probable bacterial hemoglobin OS=Nitrobacter sp. Nb-311A OX=314253 GN=NB311A_06106 PE=3 SV=1
I7ES91/28-127        -            100 Bac_globin           PF01152.28   121   0.00029   20.9   0.0   1   1   3.5e-06   0.00034   20.7   0.0    32   104    12    85     1    98 0.80 tr|I7ES91|I7ES91_PHAIB Putative globin OS=Phaeobacter inhibens (strain ATCC 700781 / DSM 17395 / CIP 105210 / JCM 21319 / NBRC 16654 / NCIMB 13546 / BS107) OX=391619 GN=PGA1_c36050 PE=3 SV=1
A0A291FTR8/28-127    -            100 Bac_globin           PF01152.28   121   0.00038   20.5   0.0   1   1     5e-06   0.00049   20.2   0.0    33   102    13    83     1    98 0.80 tr|A0A291FTR8|A0A291FTR8_9RHOB Hemoglobin-like flavoprotein OS=Phaeobacter piscinae OX=1580596 GN=PhaeoP36_03433 PE=3 SV=1
A0A2I7KEJ6/28-127    -            100 Bac_globin           PF01152.28   121   0.00039   20.5   0.0   1   1   4.6e-06   0.00045   20.3   0.0    32   104    12    85     1    98 0.80 tr|A0A2I7KEJ6|A0A2I7KEJ6_9RHOB Putative globin OS=Phaeobacter inhibens OX=221822 GN=PhaeoP88_03703 PE=3 SV=1
A0A2E3GYQ2/25-128    -            104 Bac_globin           PF01152.28   121    0.0005   20.1   0.1   1   1   8.1e-06    0.0008   19.5   0.1    19   101     2    84     1    97 0.76 tr|A0A2E3GYQ2|A0A2E3GYQ2_9PLAN Uncharacterized protein OS=Planctomyces sp. OX=37635 GN=CMJ47_14450 PE=4 SV=1
F0SL04/25-128        -            104 Bac_globin           PF01152.28   121    0.0005   20.1   0.1   1   1   8.1e-06    0.0008   19.5   0.1    19   101     2    84     1    97 0.76 tr|F0SL04|F0SL04_RUBBR Methyl-accepting chemotaxis sensory transducer with Pas/Pac sensor OS=Rubinisphaera brasiliensis (strain ATCC 49424 / DSM 5305 / JCM 21570 / NBRC 103401 / IFAM 1448) OX=756272 GN=Plabr_2255 PE=4 SV=1
A0A291G561/28-127    -            100 Bac_globin           PF01152.28   121     0.001   19.1   0.1   1   1   1.4e-05    0.0013   18.7   0.1    33   102    13    83     1    98 0.80 tr|A0A291G561|A0A291G561_9RHOB Hemoglobin-like flavoprotein OS=Phaeobacter piscinae OX=1580596 GN=PhaeoP13_03433 PE=3 SV=1
A0A2E8EB56/65-167    -            103 Bac_globin           PF01152.28   121    0.0011   19.0   0.0   1   1   1.3e-05    0.0013   18.8   0.0    19    99     2    82     1    94 0.82 tr|A0A2E8EB56|A0A2E8EB56_9BACT Flavohemoprotein OS=Acidobacteria bacterium OX=1978231 GN=CL477_19535 PE=3 SV=1
A0A0K2L5Y0/28-131    -            104 Bac_globin           PF01152.28   121    0.0012   18.9   0.2   1   1   2.5e-05    0.0025   17.9   0.1    71   111    55    95    50   103 0.88 tr|A0A0K2L5Y0|A0A0K2L5Y0_PISSA Oxidoreductase NAD-binding domain protein OS=Piscirickettsia salmonis OX=1238 GN=KU39_2294 PE=3 SV=1
B4WU25/739-839       -            101 Bac_globin           PF01152.28   121    0.0014   18.6   0.0   1   1   1.7e-05    0.0017   18.4   0.0    19   105     1    87     1    98 0.82 tr|B4WU25|B4WU25_SYNS7 Globin domain protein OS=Synechococcus sp. (strain ATCC 29403 / PCC 7335) OX=91464 GN=S7335_420 PE=4 SV=1
A0A1S1MPC1/27-130    -            104 Bac_globin           PF01152.28   121    0.0016   18.5   0.6   1   1     2e-05     0.002   18.2   0.6    19   102     2    87     1    99 0.83 tr|A0A1S1MPC1|A0A1S1MPC1_9GAMM Nitric oxide dioxygenase OS=Pseudoalteromonas amylolytica OX=1859457 GN=BET10_00750 PE=3 SV=1
V9WNP1/28-127        -            100 Bac_globin           PF01152.28   121    0.0022   18.1   0.1   1   1   2.8e-05    0.0028   17.7   0.1    33   105    13    86     1    99 0.78 tr|V9WNP1|V9WNP1_9RHOB GLOBIN domain-containing protein OS=Phaeobacter gallaeciensis DSM 26640 OX=1423144 GN=Gal_03674 PE=3 SV=1
M7A5P1/23-124        -            102 Bac_globin           PF01152.28   121    0.0022   18.1   0.0   1   1   2.2e-05    0.0022   18.1   0.0    55   106    39    88     1   101 0.77 tr|M7A5P1|M7A5P1_9ACTN Flavoprotein OS=Gordonia sp. NB4-1Y OX=1241906 GN=ISGA_3344 PE=3 SV=1
A0A0K2DZ35/28-131    -            104 Bac_globin           PF01152.28   121    0.0025   17.9   0.1   1   1   4.6e-05    0.0046   17.0   0.1    72   109    56    93    52   103 0.87 tr|A0A0K2DZ35|A0A0K2DZ35_PISSA Oxidoreductase NAD-binding domain protein OS=Piscirickettsia salmonis OX=1238 GN=KW89_2305 PE=3 SV=1
A0A177W3W1/28-131    -            104 Bac_globin           PF01152.28   121    0.0027   17.8   0.1   1   1     5e-05    0.0049   16.9   0.1    71   111    55    95    51   103 0.88 tr|A0A177W3W1|A0A177W3W1_9GAMM Flavohemoprotein OS=Piscirickettsiaceae bacterium NZ-RLO1 OX=1810840 GN=hmp PE=3 SV=1
R7YA76/31-133        -            103 Bac_globin           PF01152.28   121     0.003   17.6   0.0   1   1   6.2e-05    0.0061   16.6   0.0    69   102    51    84    43    95 0.88 tr|R7YA76|R7YA76_9ACTN Hemoglobin-like flavoprotein OS=Gordonia terrae C-6 OX=1316928 GN=GTC6_11101 PE=3 SV=1
A0A1C4AJY7/23-125    -            103 Bac_globin           PF01152.28   121    0.0032   17.5   0.0   1   2       6.6   6.5e+02    0.4   0.0    87   113    24    50    13    54 0.72 tr|A0A1C4AJY7|A0A1C4AJY7_9ACTN Hemoglobin-like flavoprotein OS=Gordonia sp. v-85 OX=1761786 GN=GA0061091_103187 PE=3 SV=1
A0A1C4AJY7/23-125    -            103 Bac_globin           PF01152.28   121    0.0032   17.5   0.0   2   2   0.00013     0.013   15.6   0.0    70   102    52    84    50    96 0.88 tr|A0A1C4AJY7|A0A1C4AJY7_9ACTN Hemoglobin-like flavoprotein OS=Gordonia sp. v-85 OX=1761786 GN=GA0061091_103187 PE=3 SV=1
A0A1S1N5A6/27-130    -            104 Bac_globin           PF01152.28   121    0.0034   17.5   0.6   1   1   4.8e-05    0.0047   17.0   0.6    19   101     2    86     1    98 0.82 tr|A0A1S1N5A6|A0A1S1N5A6_9GAMM Nitric oxide dioxygenase OS=Pseudoalteromonas byunsanensis OX=327939 GN=BIW53_15920 PE=3 SV=1
J9SG81/23-125        -            103 Bac_globin           PF01152.28   121    0.0036   17.4   0.0   1   1   6.6e-05    0.0065   16.5   0.0    69   102    51    84    46    95 0.88 tr|J9SG81|J9SG81_9ACTN Hemoglobin-like flavoprotein OS=Gordonia sp. KTR9 OX=337191 GN=KTR9_2412 PE=3 SV=1
A4C946/27-129        -            103 Bac_globin           PF01152.28   121    0.0038   17.3   0.0   1   1   4.4e-05    0.0044   17.1   0.0    19   110     1    91     1   100 0.84 tr|A4C946|A4C946_9GAMM Probable bacterial hemoglobin OS=Pseudoalteromonas tunicata D2 OX=87626 GN=PTD2_08704 PE=3 SV=1
A0A1V2IBC0/27-129    -            103 Bac_globin           PF01152.28   121    0.0038   17.3   0.0   1   1   6.6e-05    0.0065   16.5   0.0    19    97     1    78     1   101 0.83 tr|A0A1V2IBC0|A0A1V2IBC0_9ACTN Hemin receptor OS=Frankia asymbiotica OX=1834516 GN=BL253_13555 PE=3 SV=1
A3X749/9-111         -            103 Bac_globin           PF01152.28   121    0.0044   17.1   0.3   1   1   0.00021     0.021   14.9   0.3    33   116    14    98     2   102 0.73 tr|A3X749|A3X749_9RHOB Putative flavohemoprotein OS=Roseobacter sp. MED193 OX=314262 GN=MED193_14217 PE=3 SV=1
K6WGP8/23-125        -            103 Bac_globin           PF01152.28   121    0.0047   17.0   0.0   1   1     9e-05    0.0088   16.1   0.0    70   102    52    84    48    98 0.88 tr|K6WGP8|K6WGP8_9ACTN GLOBIN domain-containing protein OS=Gordonia namibiensis NBRC 108229 OX=1208314 GN=GONAM_01_00550 PE=3 SV=1
A0A222TJJ8/23-125    -            103 Bac_globin           PF01152.28   121    0.0047   17.0   0.0   1   1    0.0001      0.01   15.9   0.0    70   101    52    83    48    96 0.88 tr|A0A222TJJ8|A0A222TJJ8_GORRU Flavohemoprotein OS=Gordonia rubripertincta OX=36822 GN=hmp4 PE=3 SV=1
L7K263/23-125        -            103 Bac_globin           PF01152.28   121    0.0047   17.0   0.0   1   1    0.0001      0.01   15.9   0.0    70   101    52    83    48    96 0.88 tr|L7K263|L7K263_GORRU GLOBIN domain-containing protein OS=Gordonia rubripertincta NBRC 101908 OX=1077975 GN=GORBP_025_00050 PE=3 SV=1
A0A1C2BCA9/23-125    -            103 Bac_globin           PF01152.28   121     0.005   16.9   0.0   1   1   0.00014     0.013   15.5   0.0    70   102    52    84    50    95 0.88 tr|A0A1C2BCA9|A0A1C2BCA9_NOCFR Flavoprotein OS=Nocardia farcinica OX=37329 GN=A8M60_15015 PE=3 SV=1
A0A1B9R6Z8/23-125    -            103 Bac_globin           PF01152.28   121    0.0055   16.8   0.0   1   1   0.00011     0.011   15.8   0.0    69   103    51    85    46    95 0.88 tr|A0A1B9R6Z8|A0A1B9R6Z8_9ACTN Flavoprotein OS=Gordonia sp. UCD-TK1 OX=1857893 GN=A9310_23065 PE=3 SV=1
A0A244CTZ1/27-129    -            103 Bac_globin           PF01152.28   121    0.0061   16.6   0.0   1   1   7.1e-05    0.0069   16.4   0.0    19   108     1    89     1   100 0.80 tr|A0A244CTZ1|A0A244CTZ1_9GAMM Hemin receptor OS=Pseudoalteromonas ulvae OX=107327 GN=B1199_01905 PE=3 SV=1
A0A0Q1CSX6/27-130    -            104 Bac_globin           PF01152.28   121    0.0063   16.6   0.0   1   1   7.5e-05    0.0074   16.4   0.0    19    98     1    80     1    99 0.79 tr|A0A0Q1CSX6|A0A0Q1CSX6_9BURK GLOBIN domain-containing protein OS=Acidovorax sp. SD340 OX=1690268 GN=AE621_16160 PE=3 SV=1
A0A1E3YPN5/27-130    -            104 Bac_globin           PF01152.28   121    0.0063   16.6   0.0   1   1   7.5e-05    0.0074   16.4   0.0    19    98     1    80     1    99 0.79 tr|A0A1E3YPN5|A0A1E3YPN5_9BURK GLOBIN domain-containing protein OS=Acidovorax sp. SCN 65-108 OX=1660085 GN=ABS37_19970 PE=3 SV=1
A0A1F4EM02/27-130    -            104 Bac_globin           PF01152.28   121    0.0063   16.6   0.0   1   1   7.5e-05    0.0074   16.4   0.0    19    98     1    80     1    99 0.79 tr|A0A1F4EM02|A0A1F4EM02_9BURK GLOBIN domain-containing protein OS=Burkholderiales bacterium RIFCSPHIGHO2_01_FULL_64_960 OX=1797553 GN=A2710_14405 PE=3 SV=1
A0A1F4J3Y3/27-130    -            104 Bac_globin           PF01152.28   121    0.0063   16.6   0.0   1   1   7.5e-05    0.0074   16.4   0.0    19    98     1    80     1    99 0.79 tr|A0A1F4J3Y3|A0A1F4J3Y3_9BURK GLOBIN domain-containing protein OS=Burkholderiales bacterium RIFCSPHIGHO2_12_FULL_65_48 OX=1797559 GN=A3E23_23490 PE=3 SV=1
A0A1Q3RV00/27-130    -            104 Bac_globin           PF01152.28   121    0.0063   16.6   0.0   1   1   7.5e-05    0.0074   16.4   0.0    19    98     1    80     1    99 0.79 tr|A0A1Q3RV00|A0A1Q3RV00_9BURK GLOBIN domain-containing protein OS=Burkholderiales bacterium 64-34 OX=1895726 GN=BGO35_15130 PE=3 SV=1
A0A166HEP3/25-124    -            100 Bac_globin           PF01152.28   121    0.0064   16.6   0.0   1   1   7.2e-05    0.0071   16.4   0.0    20    98     1    79     1    96 0.85 tr|A0A166HEP3|A0A166HEP3_9GAMM GLOBIN domain-containing protein OS=Halioglobus sp. HI00S01 OX=1822214 GN=A3709_02570 PE=3 SV=1
A0A1S1REX7/27-129    -            103 Bac_globin           PF01152.28   121    0.0068   16.5   0.0   1   1   0.00012     0.012   15.7   0.0    19    97     1    78     1    88 0.82 tr|A0A1S1REX7|A0A1S1REX7_9ACTN Hemin receptor OS=Frankia sp. BMG5.36 OX=1834512 GN=BCD48_23220 PE=3 SV=1
A0A1Q9VB38/23-125    -            103 Bac_globin           PF01152.28   121    0.0074   16.3   0.0   1   1   0.00018     0.018   15.1   0.0    70   102    52    84    48    96 0.88 tr|A0A1Q9VB38|A0A1Q9VB38_9ACTN Flavoprotein OS=Gordonia sp. CNJ-863 OX=1904963 GN=BJF87_02405 PE=3 SV=1
W9DIY5/23-125        -            103 Bac_globin           PF01152.28   121    0.0074   16.3   0.0   1   1   0.00018     0.018   15.1   0.0    70   102    52    84    48    96 0.88 tr|W9DIY5|W9DIY5_9ACTN Hemoglobin-like flavoprotein OS=Gordonia alkanivorans CGMCC 6845 OX=1423140 GN=V525_13780 PE=3 SV=1
F9W0A2/23-125        -            103 Bac_globin           PF01152.28   121    0.0076   16.3   0.0   1   1   0.00019     0.019   15.1   0.0    70   102    52    84    48    95 0.88 tr|F9W0A2|F9W0A2_9ACTN GLOBIN domain-containing protein OS=Gordonia alkanivorans NBRC 16433 OX=1027371 GN=GOALK_099_00310 PE=3 SV=1
A0A254W6J0/25-127    -            103 Bac_globin           PF01152.28   121    0.0082   16.2   0.0   1   1   9.3e-05    0.0091   16.1   0.0    19    98     2    81     1   100 0.81 tr|A0A254W6J0|A0A254W6J0_9CYAN GLOBIN domain-containing protein OS=cyanobacterium TDX16 OX=1503470 GN=B7486_48090 PE=3 SV=1
A0A1H1YQD1/27-129    -            103 Bac_globin           PF01152.28   121    0.0082   16.2   0.0   1   1    0.0001      0.01   15.9   0.0    27    95     9    76     1    96 0.79 tr|A0A1H1YQD1|A0A1H1YQD1_9ACTN Nitric oxide dioxygenase OS=Microlunatus soli OX=630515 GN=SAMN04489812_4718 PE=3 SV=1
A0A1H2HDF6/23-125    -            103 Bac_globin           PF01152.28   121    0.0088   16.1   0.0   1   1    0.0002      0.02   15.0   0.0    69   102    51    84    46    97 0.87 tr|A0A1H2HDF6|A0A1H2HDF6_9ACTN Hemoglobin-like flavoprotein OS=Gordonia westfalica OX=158898 GN=SAMN04488548_134404 PE=3 SV=1
L7L341/74-176        -            103 Bac_globin           PF01152.28   121    0.0088   16.1   0.0   1   1    0.0002      0.02   15.0   0.0    69   102    51    84    46    97 0.87 tr|L7L341|L7L341_9ACTN GLOBIN domain-containing protein OS=Gordonia amicalis NBRC 100051 = JCM 11271 OX=1220574 GN=GOAMI_51_00210 PE=3 SV=1
A0A1S1R534/27-129    -            103 Bac_globin           PF01152.28   121    0.0096   16.0   0.0   1   1   0.00018     0.018   15.1   0.0    19    97     1    78     1    89 0.82 tr|A0A1S1R534|A0A1S1R534_9ACTN Hemin receptor OS=Frankia sp. EUN1h OX=1834515 GN=BCD49_08755 PE=3 SV=1
A0A1E3GD10/28-126    -             99 Bac_globin           PF01152.28   121    0.0098   16.0   0.1   1   1   0.00016     0.016   15.3   0.1    71   108    55    92    51    98 0.87 tr|A0A1E3GD10|A0A1E3GD10_9GAMM Nitric oxide dioxygenase OS=Piscirickettsia litoralis OX=1891921 GN=BGC07_12530 PE=3 SV=1
A0A2E1G3T5/23-124    -            102 Bac_globin           PF01152.28   121     0.011   15.8   0.0   1   1    0.0002     0.019   15.0   0.0    70   103    52    85    50    98 0.87 tr|A0A2E1G3T5|A0A2E1G3T5_9ACTN Flavoprotein OS=Gordonia sp. OX=84139 GN=CME34_02010 PE=3 SV=1
A0A158DKF8/27-131    -            105 Bac_globin           PF01152.28   121     0.011   15.8   0.0   1   2    0.0076      0.75    9.9   0.0    67   116    10    56     2    58 0.88 tr|A0A158DKF8|A0A158DKF8_9BURK Flavohemoprotein OS=Caballeronia catudaia OX=1777136 GN=hmp PE=3 SV=1
A0A158DKF8/27-131    -            105 Bac_globin           PF01152.28   121     0.011   15.8   0.0   2   2      0.19        19    5.4   0.0    71   108    56    93    54   101 0.85 tr|A0A158DKF8|A0A158DKF8_9BURK Flavohemoprotein OS=Caballeronia catudaia OX=1777136 GN=hmp PE=3 SV=1
M3UR57/23-125        -            103 Bac_globin           PF01152.28   121     0.013   15.6   0.1   1   1   0.00031     0.031   14.4   0.0    70   101    52    83    47    97 0.86 tr|M3UR57|M3UR57_9ACTN GLOBIN domain-containing protein OS=Gordonia paraffinivorans NBRC 108238 OX=1223543 GN=GP2_009_00230 PE=3 SV=1
C1AE78/28-131        -            104 Bac_globin           PF01152.28   121     0.013   15.6   0.0   1   1   0.00016     0.016   15.3   0.0    19   102     1    84     1    98 0.82 tr|C1AE78|C1AE78_GEMAT Bacterial hemoglobin OS=Gemmatimonas aurantiaca (strain T-27 / DSM 14586 / JCM 11422 / NBRC 100505) OX=379066 GN=GAU_3763 PE=3 SV=1
U1KXH3/27-132        -            106 Bac_globin           PF01152.28   121     0.013   15.5   1.8   1   1    0.0019      0.18   11.9   1.8    19   104     2    89     1   102 0.69 tr|U1KXH3|U1KXH3_9GAMM Flavohemoprotein OS=Pseudoalteromonas citrea DSM 8771 OX=1117314 GN=PCIT_00458 PE=3 SV=1
A0A0P1H042/26-128    -            103 Bac_globin           PF01152.28   121     0.014   15.5   0.0   1   1   0.00015     0.015   15.4   0.0    33   107    14    89     1   100 0.81 tr|A0A0P1H042|A0A0P1H042_9RHOB Bifunctional nitric oxide dioxygenase/dihydropteridine reductase 2 OS=Phaeobacter sp. CECT 5382 OX=1712645 GN=PH5382_02218 PE=3 SV=1
A0A0R3NAS9/15-118    -            104 Bac_globin           PF01152.28   121     0.015   15.4   0.0   1   1   0.00028     0.027   14.5   0.0    19   105     1    87     1    98 0.83 tr|A0A0R3NAS9|A0A0R3NAS9_9BRAD Hemin receptor OS=Bradyrhizobium retamae OX=1300035 GN=CQ13_16200 PE=3 SV=1
A0A1X2B2Z4/28-133    -            106 Bac_globin           PF01152.28   121     0.016   15.3   0.2   1   1   0.00026     0.026   14.6   0.2    18   102     1    86     1   102 0.69 tr|A0A1X2B2Z4|A0A1X2B2Z4_MYCPR 2-polyprenylphenol hydroxylase OS=Mycolicibacterium peregrinum OX=43304 GN=AWC21_16645 PE=3 SV=1
A0A1E4K2T0/25-129    -            105 Bac_globin           PF01152.28   121     0.017   15.2   0.0   1   1    0.0002      0.02   15.0   0.0    18    98     2    81     1    97 0.79 tr|A0A1E4K2T0|A0A1E4K2T0_9GAMM GLOBIN domain-containing protein OS=Xanthomonadaceae bacterium SCN 69-320 OX=1660169 GN=ABS97_12020 PE=3 SV=1
A0A1Q4FYG7/25-129    -            105 Bac_globin           PF01152.28   121     0.017   15.2   0.0   1   1    0.0002      0.02   15.0   0.0    18    98     2    81     1    97 0.79 tr|A0A1Q4FYG7|A0A1Q4FYG7_9GAMM GLOBIN domain-containing protein OS=Xanthomonadales bacterium 69-70 OX=1895869 GN=BGP24_08995 PE=3 SV=1
G7H6Y4/23-124        -            102 Bac_globin           PF01152.28   121     0.018   15.1   0.0   1   1   0.00032     0.031   14.3   0.0    70   109    52    91    48   101 0.87 tr|G7H6Y4|G7H6Y4_9ACTN GLOBIN domain-containing protein OS=Gordonia araii NBRC 100433 OX=1073574 GN=GOARA_078_00580 PE=3 SV=1
A0A150QNB7/473-576   -            104 Bac_globin           PF01152.28   121     0.021   14.9   0.0   1   1   0.00047     0.046   13.8   0.0    18   102     1    84     1    96 0.80 tr|A0A150QNB7|A0A150QNB7_SORCE Uncharacterized protein OS=Sorangium cellulosum OX=56 GN=BE15_43810 PE=4 SV=1
A0A0R3NBJ6/27-130    -            104 Bac_globin           PF01152.28   121     0.021   14.9   0.0   1   1   0.00057     0.056   13.5   0.0    19    95     1    77     1    97 0.69 tr|A0A0R3NBJ6|A0A0R3NBJ6_9BRAD Hemin receptor OS=Bradyrhizobium retamae OX=1300035 GN=CQ13_15505 PE=3 SV=1
A0A150T9T4/428-531   -            104 Bac_globin           PF01152.28   121     0.022   14.8   0.1   1   1   0.00032     0.031   14.3   0.1    18   102     1    84     1   101 0.81 tr|A0A150T9T4|A0A150T9T4_SORCE Uncharacterized protein OS=Sorangium cellulosum OX=56 GN=BE20_53020 PE=4 SV=1
A0A158BYZ8/27-131    -            105 Bac_globin           PF01152.28   121     0.023   14.8   0.1   1   2    0.0061      0.61   10.2   0.1    67   117    10    57     2    59 0.89 tr|A0A158BYZ8|A0A158BYZ8_9BURK Flavohemoprotein OS=Caballeronia temeraria OX=1777137 GN=hmp PE=3 SV=1
A0A158BYZ8/27-131    -            105 Bac_globin           PF01152.28   121     0.023   14.8   0.1   2   2      0.45        44    4.2   0.0    71   108    56    93    54   100 0.85 tr|A0A158BYZ8|A0A158BYZ8_9BURK Flavohemoprotein OS=Caballeronia temeraria OX=1777137 GN=hmp PE=3 SV=1
A0A158CQY3/27-131    -            105 Bac_globin           PF01152.28   121     0.023   14.8   0.1   1   2    0.0061      0.61   10.2   0.1    67   117    10    57     2    59 0.89 tr|A0A158CQY3|A0A158CQY3_9BURK Flavohemoprotein OS=Caballeronia fortuita OX=1777138 GN=hmp PE=3 SV=1
A0A158CQY3/27-131    -            105 Bac_globin           PF01152.28   121     0.023   14.8   0.1   2   2      0.45        44    4.2   0.0    71   108    56    93    54   100 0.85 tr|A0A158CQY3|A0A158CQY3_9BURK Flavohemoprotein OS=Caballeronia fortuita OX=1777138 GN=hmp PE=3 SV=1
A0A143BNN0/27-129    -            103 Bac_globin           PF01152.28   121     0.023   14.7   0.0   1   1   0.00028     0.027   14.5   0.0    19   106     1    88     1    97 0.80 tr|A0A143BNN0|A0A143BNN0_9BACT GLOBIN domain-containing protein OS=Gemmatimonas phototrophica OX=1379270 GN=GEMMAAP_18205 PE=3 SV=1
A0A0G4IYZ1/680-782   -            103 Bac_globin           PF01152.28   121     0.025   14.7   0.1   1   1   0.00067     0.066   13.3   0.1    69   106    51    88     1   103 0.60 tr|A0A0G4IYZ1|A0A0G4IYZ1_PLABS GLOBIN domain-containing protein OS=Plasmodiophora brassicae OX=37360 GN=PBRA_007975 PE=3 SV=1
G2R5X9/31-135        -            105 Bac_globin           PF01152.28   121     0.025   14.6   0.0   1   1    0.0004     0.039   14.0   0.0    19   107     1    91     1   101 0.75 tr|G2R5X9|G2R5X9_THITE Uncharacterized protein OS=Thielavia terrestris (strain ATCC 38088 / NRRL 8126) OX=578455 GN=THITE_128077 PE=3 SV=1
R7QRC5/31-145        -            115 Bac_globin           PF01152.28   121      0.03   14.4   0.1   1   1   0.00049     0.049   13.7   0.1    70   107    64   101    61   109 0.87 tr|R7QRC5|R7QRC5_CHOCR GLOBIN domain-containing protein OS=Chondrus crispus OX=2769 GN=CHC_T00006886001 PE=3 SV=1
F5SZW9/71-176        -            106 Bac_globin           PF01152.28   121     0.031   14.3   0.0   1   1   0.00043     0.042   13.9   0.0    18   105     2    89     1   104 0.81 tr|F5SZW9|F5SZW9_9GAMM Methyl-accepting chemotaxis sensory transducer OS=Methylophaga aminisulfidivorans MP OX=1026882 GN=MAMP_01685 PE=4 SV=1
A0A2E6RFZ3/26-123    -             98 Bac_globin           PF01152.28   121     0.032   14.3   0.0   1   1    0.0012      0.11   12.5   0.0    18    98     1    81     1    96 0.70 tr|A0A2E6RFZ3|A0A2E6RFZ3_9GAMM GLOBIN domain-containing protein OS=Xanthomonadales bacterium OX=2006849 GN=CMP07_11145 PE=3 SV=1
A0A1Q5LT07/28-135    -            108 Bac_globin           PF01152.28   121     0.033   14.3   0.1   1   1    0.0012      0.12   12.5   0.1    19   101     1    88     1   104 0.71 tr|A0A1Q5LT07|A0A1Q5LT07_9ACTN Hemin transporter OS=Streptomyces sp. CB02400 OX=1703944 GN=AMK33_22820 PE=3 SV=1
O76242/10-109        -            100 Bac_globin           PF01152.28   121     0.034   14.2   0.0   1   1   0.00055     0.054   13.6   0.0    41   100    34    87    22    97 0.81 sp|O76242|GLBN_CERLA Neural hemoglobin OS=Cerebratulus lacteus OX=6221 PE=1 SV=3
A0A0K9XC83/65-168    -            104 Bac_globin           PF01152.28   121     0.035   14.2   0.3   1   1   0.00037     0.037   14.1   0.3    33   100    15    83     1   104 0.74 tr|A0A0K9XC83|A0A0K9XC83_9ACTN Flavohemoprotein OS=Streptomyces caatingaensis OX=1678637 GN=AC230_20435 PE=3 SV=1
A0A1B7L6S5/27-128    -            102 Bac_globin           PF01152.28   121     0.035   14.2   0.1   1   1   0.00044     0.044   13.9   0.1    19    99     2    84     1    96 0.80 tr|A0A1B7L6S5|A0A1B7L6S5_9ENTR Nitric oxide dioxygenase OS=Mangrovibacter phragmitis OX=1691903 GN=A9B99_19070 PE=3 SV=1
A0A290XP29/23-125    -            103 Bac_globin           PF01152.28   121     0.036   14.1   0.0   1   1   0.00095     0.094   12.8   0.0    72   102    54    84    50    95 0.88 tr|A0A290XP29|A0A290XP29_9ACTN Flavoprotein OS=Gordonia sp. 1D OX=1737359 GN=CNO18_12280 PE=3 SV=1
A0A1T5D5H0/26-135    -            110 Bac_globin           PF01152.28   121     0.037   14.1   0.0   1   1   0.00047     0.047   13.8   0.0    44   107    34    96     1   107 0.68 tr|A0A1T5D5H0|A0A1T5D5H0_9MICC Nitric oxide dioxygenase OS=Arthrobacter sp. 31Cvi3.1E OX=1279032 GN=SAMN05660916_02020 PE=3 SV=1
A0A0P1HJD9/28-127    -            100 Bac_globin           PF01152.28   121     0.038   14.1   0.1   1   1    0.0031      0.31   11.1   0.1    70   107    51    88    13    98 0.87 tr|A0A0P1HJD9|A0A0P1HJD9_9RHOB Soluble cytochrome O OS=Phaeobacter sp. CECT 5382 OX=1712645 GN=vhb PE=3 SV=1
A0A2E0L7P3/29-128    -            100 Bac_globin           PF01152.28   121     0.044   13.9   0.0   1   1   0.00056     0.055   13.5   0.0    19    97     1    78     1    97 0.81 tr|A0A2E0L7P3|A0A2E0L7P3_9CHLR Hemin receptor OS=Anaerolineaceae bacterium OX=2024896 GN=CL610_24685 PE=3 SV=1
W0RNE9/31-130        -            100 Bac_globin           PF01152.28   121     0.046   13.8   0.0   1   1   0.00059     0.059   13.5   0.0    34   100    11    78     3    94 0.79 tr|W0RNE9|W0RNE9_9BACT Globin OS=Gemmatirosa kalamazoonesis OX=861299 GN=J421_4313 PE=3 SV=1
A0A1X1TEK1/28-127    -            100 Bac_globin           PF01152.28   121     0.047   13.8   0.1   1   1   0.00076     0.075   13.1   0.1    19   101     2    85     1    99 0.69 tr|A0A1X1TEK1|A0A1X1TEK1_9MYCO 2-polyprenylphenol hydroxylase OS=Mycolicibacterium doricum OX=126673 GN=AWC01_07245 PE=3 SV=1
A0A150AG78/45-147    -            103 Bac_globin           PF01152.28   121     0.047   13.8   0.0   1   1    0.0011      0.11   12.6   0.0    19    99     1    80     1    98 0.77 tr|A0A150AG78|A0A150AG78_9BACT Hemin receptor OS=Flammeovirga sp. SJP92 OX=1775430 GN=AVL50_18900 PE=3 SV=1
A0A2G1CG86/26-129    -            104 Bac_globin           PF01152.28   121     0.048   13.7   0.6   1   1   0.00053     0.053   13.6   0.6    19   108     2    90     1   104 0.76 tr|A0A2G1CG86|A0A2G1CG86_9RHOB GLOBIN domain-containing protein OS=Rhodobacteraceae bacterium 4F10 OX=2045445 GN=CSC82_05405 PE=3 SV=1
A0A1I5R673/25-125    -            101 Bac_globin           PF01152.28   121     0.052   13.6   0.0   1   1   0.00059     0.058   13.5   0.0    20    98     1    79     1    99 0.81 tr|A0A1I5R673|A0A1I5R673_9GAMM Hemoglobin-like flavoprotein OS=Enterovibrio norvegicus DSM 15893 OX=1121869 GN=SAMN03084138_02447 PE=3 SV=1
A0A1I4AZX8/27-130    -            104 Bac_globin           PF01152.28   121     0.053   13.6   0.0   1   1   0.00064     0.063   13.4   0.0    19    97     1    79     1    95 0.88 tr|A0A1I4AZX8|A0A1I4AZX8_9PROT Hemoglobin-like flavoprotein OS=Roseomonas stagni DSM 19981 OX=1123062 GN=SAMN02745775_104286 PE=3 SV=1
A0A0Q9IJ22/27-128    -            102 Bac_globin           PF01152.28   121     0.055   13.5   0.0   1   1    0.0016      0.16   12.1   0.0    19   108     1    89     1   101 0.75 tr|A0A0Q9IJ22|A0A0Q9IJ22_9BRAD GLOBIN domain-containing protein OS=Bosea sp. Root483D1 OX=1736544 GN=ASE66_29470 PE=3 SV=1
A0A1M4N9F6/26-130    -            105 Bac_globin           PF01152.28   121     0.055   13.5   0.0   1   1   0.00072     0.071   13.2   0.0    23   109     7    92     1   104 0.79 tr|A0A1M4N9F6|A0A1M4N9F6_9RHOB GLOBIN domain-containing protein OS=Donghicola sp. KarMa OX=1779855 GN=KARMA_4079 PE=3 SV=1
A0A1L3I958/27-130    -            104 Bac_globin           PF01152.28   121     0.056   13.5   0.0   1   1   0.00085     0.083   13.0   0.0    19   106     2    88     1   103 0.64 tr|A0A1L3I958|A0A1L3I958_9RHOB Putative globin OS=Phaeobacter porticola OX=1844006 GN=PhaeoP97_03339 PE=3 SV=1
A0A0B8MYS5/27-130    -            104 Bac_globin           PF01152.28   121     0.056   13.5   0.1   1   2      0.79        77    3.4   0.1    67    99     9    38     4    54 0.77 tr|A0A0B8MYS5|A0A0B8MYS5_9EURO Uncharacterized protein OS=Talaromyces cellulolyticus OX=1472165 GN=TCE0_043r15774 PE=3 SV=1
A0A0B8MYS5/27-130    -            104 Bac_globin           PF01152.28   121     0.056   13.5   0.1   2   2     0.018       1.8    8.7   0.0    72   102    56    86    48    97 0.84 tr|A0A0B8MYS5|A0A0B8MYS5_9EURO Uncharacterized protein OS=Talaromyces cellulolyticus OX=1472165 GN=TCE0_043r15774 PE=3 SV=1
A0A2H3IFZ3/27-130    -            104 Bac_globin           PF01152.28   121     0.056   13.5   0.1   1   2      0.79        77    3.4   0.1    67    99     9    38     4    54 0.77 tr|A0A2H3IFZ3|A0A2H3IFZ3_9EURO Globin OS=Penicillium sp. 'occitanis' OX=290292 GN=PENO1_038970 PE=3 SV=1
A0A2H3IFZ3/27-130    -            104 Bac_globin           PF01152.28   121     0.056   13.5   0.1   2   2     0.018       1.8    8.7   0.0    72   102    56    86    48    97 0.84 tr|A0A2H3IFZ3|A0A2H3IFZ3_9EURO Globin OS=Penicillium sp. 'occitanis' OX=290292 GN=PENO1_038970 PE=3 SV=1
A0A0K8PRI6/27-135    -            109 Bac_globin           PF01152.28   121     0.058   13.5   0.1   1   1   0.00061      0.06   13.4   0.1    39   107    28    95     1   106 0.77 tr|A0A0K8PRI6|A0A0K8PRI6_STRAJ Flavohemoprotein OS=Streptomyces azureus OX=146537 GN=SAZU_5335 PE=3 SV=1
A0A1Y0D3Y9/27-130    -            104 Bac_globin           PF01152.28   121     0.061   13.4   0.1   1   1    0.0018      0.18   11.9   0.1    19   106     2    91     1    99 0.68 tr|A0A1Y0D3Y9|A0A1Y0D3Y9_9GAMM Flavohemoprotein OS=Oceanisphaera profunda OX=1416627 GN=hmp PE=3 SV=1
A0A1M6CHZ0/26-131    -            106 Bac_globin           PF01152.28   121     0.062   13.4   0.1   1   1    0.0013      0.13   12.3   0.1    19   110     2    94     1   103 0.63 tr|A0A1M6CHZ0|A0A1M6CHZ0_9FLAO Nitric oxide dioxygenase OS=Flavobacterium terrae OX=415425 GN=SAMN05444363_0937 PE=3 SV=1
A0A1X4H244/59-157    -             99 Bac_globin           PF01152.28   121     0.063   13.3   0.1   1   1   0.00066     0.065   13.3   0.1    44   105    27    86     1    99 0.70 tr|A0A1X4H244|A0A1X4H244_9ACTN Flavohemoprotein OS=Streptomyces griseofuscus OX=146922 GN=BWZ23_30985 PE=3 SV=1
R4YTV2/28-131        -            104 Bac_globin           PF01152.28   121     0.066   13.3   0.3   1   1     0.003      0.29   11.2   0.3    69   102    53    86     1   100 0.85 tr|R4YTV2|R4YTV2_OLEAN Flavohemoprotein OS=Oleispira antarctica RB-8 OX=698738 GN=hmpA PE=3 SV=1
A0A1A0RA33/28-133    -            106 Bac_globin           PF01152.28   121     0.068   13.2   0.2   1   1    0.0011       0.1   12.6   0.2    19   100     2    84     1   102 0.65 tr|A0A1A0RA33|A0A1A0RA33_MYCPR 2-polyprenylphenol hydroxylase OS=Mycolicibacterium peregrinum OX=43304 GN=A5792_16090 PE=3 SV=1
A0A0C1C1C0/26-135    -            110 Bac_globin           PF01152.28   121     0.069   13.2   0.0   1   1   0.00088     0.087   12.9   0.0    44   106    34    95     1   107 0.67 tr|A0A0C1C1C0|A0A0C1C1C0_9MICC Flavohemoprotein OS=Arthrobacter sp. MWB30 OX=1534409 GN=ANMWB30_07660 PE=3 SV=1
A0A175J6C9/26-135    -            110 Bac_globin           PF01152.28   121     0.069   13.2   0.0   1   1   0.00088     0.087   12.9   0.0    44   106    34    95     1   107 0.67 tr|A0A175J6C9|A0A175J6C9_PAENI Hemin transporter OS=Paenarthrobacter nicotinovorans OX=29320 GN=CVCC1112_2385 PE=3 SV=1
A0A285HUH4/27-130    -            104 Bac_globin           PF01152.28   121      0.07   13.2   0.0   1   1    0.0015      0.14   12.2   0.0    23   104     6    86     1   103 0.76 tr|A0A285HUH4|A0A285HUH4_9RHOB Hemoglobin-like flavoprotein OS=Pseudooceanicola antarcticus OX=1247613 GN=SAMN06297129_0568 PE=3 SV=1
A0A1Z4JPG4/25-126    -            102 Bac_globin           PF01152.28   121     0.071   13.2   0.0   1   1   0.00084     0.083   13.0   0.0    19    96     2    79     1    96 0.82 tr|A0A1Z4JPG4|A0A1Z4JPG4_LEPBY Globin domain-containing protein OS=Leptolyngbya boryana NIES-2135 OX=1973484 GN=NIES2135_55240 PE=3 SV=1
A0A1H7KTF8/27-129    -            103 Bac_globin           PF01152.28   121     0.073   13.2   0.0   1   1    0.0017      0.17   12.0   0.0    19   105     1    86     1   103 0.65 tr|A0A1H7KTF8|A0A1H7KTF8_9BRAD Hemoglobin-like flavoprotein OS=Bosea lupini OX=1036779 GN=SAMN04515666_102311 PE=3 SV=1
A0A239CRT9/27-133    -            107 Bac_globin           PF01152.28   121     0.074   13.1   0.0   1   1   0.00075     0.074   13.1   0.0    69   106    57    94     2   102 0.87 tr|A0A239CRT9|A0A239CRT9_9ACTN Nitric oxide dioxygenase OS=Geodermatophilus saharensis OX=1137994 GN=SAMN04488107_1792 PE=3 SV=1
A0A0C1S7V1/90-190    -            101 Bac_globin           PF01152.28   121     0.075   13.1   0.1   1   1   0.00083     0.082   13.0   0.1    43   119    26   100     2   101 0.81 tr|A0A0C1S7V1|A0A0C1S7V1_9ACTN Uncharacterized protein OS=Streptomyces sp. RSD-27 OX=1571774 GN=PL81_28520 PE=4 SV=1
A0A1A0W614/28-133    -            106 Bac_globin           PF01152.28   121     0.075   13.1   0.1   1   1    0.0011      0.11   12.6   0.1    19   101     2    85     1   102 0.60 tr|A0A1A0W614|A0A1A0W614_MYCPR 2-polyprenylphenol hydroxylase OS=Mycolicibacterium peregrinum OX=43304 GN=A5779_23720 PE=3 SV=1
S4XMC7/101-203       -            103 Bac_globin           PF01152.28   121     0.077   13.1   0.0   1   1    0.0013      0.13   12.4   0.0    19    97     1    78     1    96 0.78 tr|S4XMC7|S4XMC7_SORCE Uncharacterized protein OS=Sorangium cellulosum So0157-2 OX=1254432 GN=SCE1572_03880 PE=4 SV=1
A0A0X3SNK3/58-160    -            103 Bac_globin           PF01152.28   121     0.077   13.1   0.1   1   1   0.00079     0.078   13.1   0.1    45   119    29   101     1   103 0.78 tr|A0A0X3SNK3|A0A0X3SNK3_9ACTN Flavohemoprotein OS=Streptomyces albus subsp. albus OX=67257 GN=ACZ90_49530 PE=3 SV=1
K9T9X7/25-126        -            102 Bac_globin           PF01152.28   121     0.077   13.1   0.1   1   1   0.00092     0.091   12.8   0.1    19    52     2    34     1    81 0.83 tr|K9T9X7|K9T9X7_9CYAN Hemoglobin-like flavoprotein OS=Pleurocapsa sp. PCC 7327 OX=118163 GN=Ple7327_4602 PE=3 SV=1
A0A101Q9P5/27-135    -            109 Bac_globin           PF01152.28   121     0.077   13.1   0.1   1   1    0.0014      0.14   12.3   0.1    18   106     1    94     1   103 0.72 tr|A0A101Q9P5|A0A101Q9P5_STRCK Hemin transporter OS=Streptomyces corchorusii OX=1903 GN=AQJ11_18710 PE=3 SV=1
A0A0Q9CVT7/27-130    -            104 Bac_globin           PF01152.28   121     0.078   13.1   0.0   1   1    0.0013      0.13   12.4   0.0    19   112     1    97     1   104 0.65 tr|A0A0Q9CVT7|A0A0Q9CVT7_9BURK GLOBIN domain-containing protein OS=Acidovorax sp. Root275 OX=1736508 GN=ASE52_16260 PE=3 SV=1
A0A2C9ZI86/23-125    -            103 Bac_globin           PF01152.28   121     0.078   13.1   0.0   1   1    0.0012      0.12   12.5   0.0    69   102    51    84    44    96 0.88 tr|A0A2C9ZI86|A0A2C9ZI86_9ACTN Flavoprotein OS=Gordonia lacunae OX=417102 GN=CA982_22190 PE=3 SV=1
A0A1W0BBP2/29-133    -            105 Bac_globin           PF01152.28   121     0.082   13.0   0.2   1   1    0.0014      0.14   12.3   0.2    35   100    16    82     2    95 0.73 tr|A0A1W0BBP2|A0A1W0BBP2_9NOCA Flavoprotein OS=Nocardia donostiensis OX=1538463 GN=B0T46_06325 PE=3 SV=1
A0A024H6K7/27-135    -            109 Bac_globin           PF01152.28   121     0.083   13.0   0.1   1   1    0.0021      0.21   11.7   0.1    19   106     2    94     1   103 0.64 tr|A0A024H6K7|A0A024H6K7_9MICC Globin family protein OS=Pseudarthrobacter siccitolerans OX=861266 GN=hmp PE=3 SV=1
A0A1A1X1E1/27-132    -            106 Bac_globin           PF01152.28   121     0.084   12.9   0.1   1   1    0.0011       0.1   12.7   0.1    48   102    37    86     2   106 0.76 tr|A0A1A1X1E1|A0A1A1X1E1_9MYCO 2-polyprenylphenol hydroxylase OS=Mycobacterium sp. ACS4331 OX=1834121 GN=A5727_01415 PE=3 SV=1
H6RLL6/27-133        -            107 Bac_globin           PF01152.28   121     0.086   12.9   0.0   1   1   0.00087     0.086   12.9   0.0    69   106    57    94     2   102 0.89 tr|H6RLL6|H6RLL6_BLASD Flavohemoprotein OS=Blastococcus saxobsidens (strain DD2) OX=1146883 GN=hmp PE=3 SV=1
A0A1E7YFH1/28-133    -            106 Bac_globin           PF01152.28   121     0.086   12.9   0.2   1   1    0.0012      0.12   12.4   0.2    52   103    41    87     1   102 0.60 tr|A0A1E7YFH1|A0A1E7YFH1_9MYCO 2-polyprenylphenol hydroxylase OS=Mycolicibacterium sp. (ex Dasyatis americana) OX=1866905 GN=BA059_06025 PE=3 SV=1
A0A1Q9WHG4/28-133    -            106 Bac_globin           PF01152.28   121     0.086   12.9   0.2   1   1    0.0012      0.12   12.4   0.2    52   103    41    87     1   102 0.60 tr|A0A1Q9WHG4|A0A1Q9WHG4_9MYCO 2-polyprenylphenol hydroxylase OS=Mycobacterium syngnathidarum OX=1908205 GN=BKG61_22750 PE=3 SV=1
A0A0Q9R241/27-136    -            110 Bac_globin           PF01152.28   121     0.086   12.9   0.1   1   1    0.0012      0.12   12.5   0.1    18   108     1    96     1   109 0.74 tr|A0A0Q9R241|A0A0Q9R241_9MICC Hemin transporter OS=Arthrobacter sp. Soil782 OX=1736410 GN=ASH00_06100 PE=3 SV=1
A0A0T6LMZ0/27-135    -            109 Bac_globin           PF01152.28   121     0.086   12.9   0.2   1   1    0.0026      0.26   11.4   0.2    18   105     1    93     1   105 0.67 tr|A0A0T6LMZ0|A0A0T6LMZ0_9ACTN Hemin transporter OS=Streptomyces vitaminophilus OX=76728 GN=AQ490_06300 PE=3 SV=1
A0A1I3AHB8/27-136    -            110 Bac_globin           PF01152.28   121     0.088   12.9   0.0   1   1    0.0027      0.27   11.3   0.0    18   108     1    96     1   109 0.71 tr|A0A1I3AHB8|A0A1I3AHB8_9MICO Hemin transporter OS=Cryobacterium levicorallinum OX=995038 GN=E3O11_04685 PE=3 SV=1
A0A0K9XLI0/28-135    -            108 Bac_globin           PF01152.28   121     0.089   12.9   0.0   1   1     0.002       0.2   11.7   0.0    19    99     1    86     1   104 0.72 tr|A0A0K9XLI0|A0A0K9XLI0_9ACTN Hemin transporter OS=Streptomyces caatingaensis OX=1678637 GN=AC230_02430 PE=3 SV=1
A0A243S0K3/27-135    -            109 Bac_globin           PF01152.28   121      0.09   12.9   0.1   1   1   0.00095     0.093   12.8   0.1    39   106    28    94     1   105 0.76 tr|A0A243S0K3|A0A243S0K3_9ACTN Hemin transporter OS=Streptomyces swartbergensis OX=487165 GN=CA983_22625 PE=3 SV=1
A0A1B7KVC6/32-137    -            106 Bac_globin           PF01152.28   121      0.09   12.8   0.3   1   1     0.011         1    9.4   0.3    67   109    53    94     1   105 0.75 tr|A0A1B7KVC6|A0A1B7KVC6_PARTM Flavohemoprotein OS=Parageobacillus thermoglucosidasius OX=1426 GN=hmp PE=3 SV=1
A0A0S8CN91/47-149    -            103 Bac_globin           PF01152.28   121     0.091   12.8   0.2   1   1    0.0013      0.12   12.4   0.2    18    98     1    81     1   101 0.77 tr|A0A0S8CN91|A0A0S8CN91_9BACT Uncharacterized protein OS=Nitrospira bacterium SG8_3 OX=1704023 GN=AMK69_14025 PE=3 SV=1
A0A1I2G5G0/28-133    -            106 Bac_globin           PF01152.28   121     0.092   12.8   0.1   1   1    0.0013      0.13   12.4   0.1    52   102    41    86     1   102 0.60 tr|A0A1I2G5G0|A0A1I2G5G0_9MYCO NAD(P)H-flavin reductase OS=Mycobacterium sp. 455mf OX=1761812 GN=SAMN04488582_101429 PE=3 SV=1
N1VY19/340-441       -            102 Bac_globin           PF01152.28   121     0.094   12.8   0.2   1   1    0.0016      0.16   12.1   0.2    19    98     2    81     1    95 0.71 tr|N1VY19|N1VY19_9LEPT Adenylate/guanylate cyclase catalytic domain protein OS=Leptospira terpstrae serovar Hualin str. LT 11-33 = ATCC 700639 OX=1257025 GN=LEP1GSC203_3683 PE=3 SV=1
A0A1H7KSZ5/27-130    -            104 Bac_globin           PF01152.28   121     0.096   12.8   0.0   1   1    0.0017      0.17   12.0   0.0    68   108    53    93    47   102 0.84 tr|A0A1H7KSZ5|A0A1H7KSZ5_9BURK Flavohemoprotein OS=Variovorax sp. YR750 OX=1884384 GN=hmp PE=3 SV=1
A0A1X1SLN6/27-132    -            106 Bac_globin           PF01152.28   121     0.096   12.8   0.1   1   1    0.0012      0.12   12.5   0.1    48   104    37    88     2   106 0.75 tr|A0A1X1SLN6|A0A1X1SLN6_9MYCO 2-polyprenylphenol hydroxylase OS=Mycolicibacterium confluentis OX=28047 GN=AWB99_14005 PE=3 SV=1
A0A1I6YJZ1/27-133    -            107 Bac_globin           PF01152.28   121     0.098   12.7   0.0   1   1   0.00099     0.098   12.7   0.0    69   105    57    93     1   102 0.80 tr|A0A1I6YJZ1|A0A1I6YJZ1_9ACTN Nitric oxide dioxygenase OS=Geodermatophilus amargosae OX=1296565 GN=SAMN05660657_01142 PE=3 SV=1
A0A0U1DBI9/28-133    -            106 Bac_globin           PF01152.28   121       0.1   12.7   0.2   1   1    0.0014      0.14   12.2   0.2    52   102    41    86     1   102 0.61 tr|A0A0U1DBI9|A0A0U1DBI9_9MYCO 2-polyprenylphenol hydroxylase OS=Mycolicibacterium conceptionense OX=451644 GN=A5726_12095 PE=3 SV=1
A0A1L6LK91/374-476   -            103 Bac_globin           PF01152.28   121       0.1   12.7   0.0   1   1     0.004       0.4   10.8   0.0    37   106    18    87     1   101 0.65 tr|A0A1L6LK91|A0A1L6LK91_9DELT Adenylate cyclase OS=Minicystis rosea OX=888845 GN=A7982_07573 PE=4 SV=1
A0A2E9TKL7/27-129    -            103 Bac_globin           PF01152.28   121       0.1   12.7   0.0   1   1    0.0017      0.17   12.0   0.0    19   108     1    89     1   101 0.80 tr|A0A2E9TKL7|A0A2E9TKL7_9GAMM Hemin receptor OS=Alcanivorax sp. OX=1872427 GN=CL544_03050 PE=3 SV=1
A0A0T7NQN0/27-129    -            103 Bac_globin           PF01152.28   121       0.1   12.7   0.5   1   1    0.0061       0.6   10.2   0.5    19   101     2    86     1    96 0.71 tr|A0A0T7NQN0|A0A0T7NQN0_YEREN Flavohemoprotein OS=Yersinia enterocolitica OX=630 GN=fsrB PE=3 SV=1
A0A2G4U481/27-129    -            103 Bac_globin           PF01152.28   121       0.1   12.7   0.5   1   1    0.0061       0.6   10.2   0.5    19   101     2    86     1    96 0.71 tr|A0A2G4U481|A0A2G4U481_YERBE Flavohemoprotein OS=Yersinia bercovieri OX=634 GN=hmp PE=3 SV=1
A0A2D9YNA0/32-136    -            105 Bac_globin           PF01152.28   121      0.11   12.6   0.0   1   1    0.0013      0.13   12.4   0.0    18    99     1    82     1   102 0.84 tr|A0A2D9YNA0|A0A2D9YNA0_9RHOB GLOBIN domain-containing protein OS=Maritimibacter sp. OX=2003363 GN=CMH12_09780 PE=3 SV=1
A0A0H5S5Y3/28-133    -            106 Bac_globin           PF01152.28   121      0.11   12.6   0.1   1   1    0.0015      0.15   12.2   0.1    52   102    41    86     1   102 0.60 tr|A0A0H5S5Y3|A0A0H5S5Y3_9MYCO Flavohemoprotein OS=Mycolicibacterium neworleansense OX=146018 GN=BN2156_03459 PE=3 SV=1
A0A2E4XS79/40-143    -            104 Bac_globin           PF01152.28   121      0.11   12.6   0.0   1   1    0.0067      0.66   10.1   0.0    19    97     1    79     1    93 0.74 tr|A0A2E4XS79|A0A2E4XS79_9PROT Hemin receptor OS=Rhodospirillaceae bacterium OX=1898112 GN=CMM59_05305 PE=3 SV=1
A0A2A7PH85/28-133    -            106 Bac_globin           PF01152.28   121      0.11   12.6   0.2   1   1    0.0016      0.15   12.1   0.2    52   102    41    86     1   101 0.61 tr|A0A2A7PH85|A0A2A7PH85_9MYCO 2-polyprenylphenol hydroxylase OS=Mycolicibacterium boenickei OX=146017 GN=CQY21_03135 PE=3 SV=1
A0A0J8U6F5/28-133    -            106 Bac_globin           PF01152.28   121      0.11   12.6   0.2   1   1    0.0015      0.15   12.1   0.2    52   102    41    86     1   102 0.61 tr|A0A0J8U6F5|A0A0J8U6F5_9MYCO 2-polyprenylphenol hydroxylase OS=Mycolicibacterium conceptionense OX=451644 GN=ACT17_19560 PE=3 SV=1
A0A0M0IM51/27-126    -            100 Bac_globin           PF01152.28   121      0.11   12.6   0.8   1   1    0.0039      0.38   10.8   0.8    69   106    54    91     1    98 0.87 tr|A0A0M0IM51|A0A0M0IM51_9VIBR Dihydropteridine reductase OS=Vibrio xuii OX=170661 GN=AKJ18_10270 PE=3 SV=1
A0A1I1LHA0/27-128    -            102 Bac_globin           PF01152.28   121      0.11   12.6   0.0   1   1    0.0013      0.13   12.3   0.0    19   102     1    83     1   100 0.73 tr|A0A1I1LHA0|A0A1I1LHA0_9GAMM Hemoglobin-like flavoprotein OS=Pseudoalteromonas denitrificans DSM 6059 OX=1123010 GN=SAMN02745724_02317 PE=3 SV=1
A0A2E1GES6/23-124    -            102 Bac_globin           PF01152.28   121      0.11   12.6   0.0   1   1    0.0021      0.21   11.7   0.0    70   107    52    89    46   101 0.85 tr|A0A2E1GES6|A0A2E1GES6_9ACTN Flavoprotein OS=Gordonia sp. OX=84139 GN=CME34_23235 PE=3 SV=1
A0A1G8I6R8/27-136    -            110 Bac_globin           PF01152.28   121      0.11   12.6   0.0   1   1    0.0014      0.13   12.3   0.0    19   107     2    95     1   109 0.71 tr|A0A1G8I6R8|A0A1G8I6R8_9MICC Nitric oxide dioxygenase OS=Arthrobacter subterraneus OX=335973 GN=SAMN04488693_106151 PE=3 SV=1
A0A1C5D2G2/123-221   -             99 Bac_globin           PF01152.28   121      0.11   12.5   0.1   1   1    0.0012      0.12   12.5   0.1    44   109    27    92     1    99 0.68 tr|A0A1C5D2G2|A0A1C5D2G2_9ACTN NAD(P)H-flavin reductase OS=Streptomyces sp. DconLS OX=1839766 GN=GA0115256_117014 PE=4 SV=1
A0A2D6AMT1/37-139    -            103 Bac_globin           PF01152.28   121      0.11   12.5   0.0   1   1    0.0013      0.13   12.4   0.0    19    95     1    76     1   103 0.77 tr|A0A2D6AMT1|A0A2D6AMT1_9BACT Hemin receptor OS=Flammeovirgaceae bacterium OX=2026740 GN=CMB80_08370 PE=3 SV=1
A0A2E8MRJ9/37-139    -            103 Bac_globin           PF01152.28   121      0.11   12.5   0.0   1   1    0.0013      0.13   12.4   0.0    19    95     1    76     1   103 0.77 tr|A0A2E8MRJ9|A0A2E8MRJ9_9RICK Hemin receptor OS=Rickettsiales bacterium OX=2026788 GN=CMP48_01500 PE=3 SV=1
A0A2I1REJ8/24-125    -            102 Bac_globin           PF01152.28   121      0.12   12.5   0.0   1   1    0.0021      0.21   11.7   0.0    69   102    50    83    41    99 0.88 tr|A0A2I1REJ8|A0A2I1REJ8_9ACTN Flavoprotein OS=Gordonia terrae OX=2055 GN=CYJ73_02565 PE=3 SV=1
H5UA97/23-125        -            103 Bac_globin           PF01152.28   121      0.12   12.5   0.0   1   1    0.0024      0.24   11.5   0.0    69   102    51    84    41    95 0.88 tr|H5UA97|H5UA97_9ACTN GLOBIN domain-containing protein OS=Gordonia terrae NBRC 100016 OX=1089454 GN=GOTRE_021_00020 PE=3 SV=1
A0A0T5Z9J7/29-130    -            102 Bac_globin           PF01152.28   121      0.12   12.5   0.0   1   1    0.0025      0.25   11.4   0.0    19   101     1    83     1   100 0.73 tr|A0A0T5Z9J7|A0A0T5Z9J7_9GAMM Uncharacterized protein OS=endosymbiont of Ridgeia piscesae OX=54398 GN=Ga0074115_10613 PE=4 SV=1
A0A0M8VYN5/26-134    -            109 Bac_globin           PF01152.28   121      0.12   12.5   0.0   1   1    0.0033      0.32   11.1   0.0    18   105     1    93     1   102 0.75 tr|A0A0M8VYN5|A0A0M8VYN5_9ACTN Hemin transporter OS=Streptomyces sp. AS58 OX=1519489 GN=ADL00_00815 PE=3 SV=1
A4AK68/27-136        -            110 Bac_globin           PF01152.28   121      0.12   12.4   0.0   1   1    0.0046      0.45   10.6   0.0    18   107     1    95     1   109 0.70 tr|A4AK68|A4AK68_9ACTN Flavohemoprotein OS=marine actinobacterium PHSC20C1 OX=312284 GN=A20C1_00450 PE=3 SV=1
A0A246HEK5/27-132    -            106 Bac_globin           PF01152.28   121      0.12   12.4   0.0   1   1    0.0027      0.26   11.3   0.0    68   110    53    95     1   104 0.85 tr|A0A246HEK5|A0A246HEK5_9BURK Nitric oxide dioxygenase OS=Mitsuaria noduli OX=2052484 GN=CDL60_06215 PE=3 SV=1
A0A1H2DJ31/84-181    -             98 Bac_globin           PF01152.28   121      0.12   12.4   0.3   1   1    0.0014      0.14   12.2   0.3    19    96     2    78     1    91 0.82 tr|A0A1H2DJ31|A0A1H2DJ31_9ACTN NAD(P)H-flavin reductase OS=Streptomyces sp. TLI_053 OX=1855352 GN=SAMN05216371_7033 PE=3 SV=1
A0A1J4Q1T8/59-160    -            102 Bac_globin           PF01152.28   121      0.12   12.4   0.1   1   1    0.0014      0.14   12.3   0.1    45   117    28    98     1   102 0.67 tr|A0A1J4Q1T8|A0A1J4Q1T8_9ACTN Flavohemoprotein OS=Streptomyces malaysiense OX=1428626 GN=VT52_017405 PE=3 SV=1
C9QFU4/27-126        -            100 Bac_globin           PF01152.28   121      0.13   12.4   1.1   1   1    0.0049      0.49   10.5   1.1    69   106    54    91     1    98 0.88 tr|C9QFU4|C9QFU4_VIBOR Bifunctional nitric oxide dioxygenase/dihydropteridine reductase 2 OS=Vibrio orientalis CIP 102891 = ATCC 33934 OX=675816 GN=VIOR3934_20110 PE=3 SV=1
A0A0B4DP35/27-127    -            101 Bac_globin           PF01152.28   121      0.13   12.3   0.0   1   1    0.0082       0.8    9.8   0.0    72   109    54    91    13   101 0.79 tr|A0A0B4DP35|A0A0B4DP35_9RHOB Flavohemoprotein OS=Leisingera sp. ANG1 OX=1002340 GN=GC1_20635 PE=3 SV=1
A0A1G6N8K3/26-128    -            103 Bac_globin           PF01152.28   121      0.13   12.3   0.0   1   1    0.0015      0.14   12.2   0.0    27   104    11    86     1   101 0.68 tr|A0A1G6N8K3|A0A1G6N8K3_9RHOB Hemoglobin-like flavoprotein OS=Ruegeria marina OX=639004 GN=SAMN04488239_10366 PE=3 SV=1
A0A0R3DF04/27-128    -            102 Bac_globin           PF01152.28   121      0.14   12.3   0.0   1   1    0.0016      0.16   12.1   0.0    19    84     1    65     1    92 0.73 tr|A0A0R3DF04|A0A0R3DF04_9BRAD Hemin receptor OS=Bradyrhizobium manausense OX=989370 GN=AOQ71_27775 PE=3 SV=1
A0A2J8GCG3/27-135    -            109 Bac_globin           PF01152.28   121      0.14   12.3   0.1   1   1    0.0021      0.21   11.7   0.1    48   106    37    94     1   106 0.65 tr|A0A2J8GCG3|A0A2J8GCG3_9MICC Hemin transporter OS=Arthrobacter sp. AFG20 OX=1688671 GN=CXZ05_11185 PE=3 SV=1
A0A2A2M6Z7/27-130    -            104 Bac_globin           PF01152.28   121      0.14   12.3   0.4   1   1     0.012       1.2    9.3   0.4    19    98     2    83     1    90 0.63 tr|A0A2A2M6Z7|A0A2A2M6Z7_9GAMM Flavohemoprotein OS=Hafnia paralvei OX=546367 GN=hmpA PE=3 SV=1
E5YDT0/27-130        -            104 Bac_globin           PF01152.28   121      0.14   12.3   0.4   1   1     0.012       1.2    9.3   0.4    19    98     2    83     1    90 0.63 tr|E5YDT0|E5YDT0_9ENTR Flavohemoprotein OS=Enterobacteriaceae bacterium 9_2_54FAA OX=469613 GN=hmp PE=3 SV=1
A0A1B8S164/27-128    -            102 Bac_globin           PF01152.28   121      0.14   12.2   0.0   1   1     0.012       1.2    9.3   0.0    72   108    54    90    12   101 0.81 tr|A0A1B8S164|A0A1B8S164_9RHOB Flavohemoprotein OS=Leisingera sp. JC1 OX=1855282 GN=A9D60_04325 PE=3 SV=1
O76243/10-109        -            100 Bac_globin           PF01152.28   121      0.14   12.2   0.0   1   1    0.0022      0.22   11.6   0.0    42   100    35    87    19    94 0.80 sp|O76243|GLBB_CERLA Body wall hemoglobin OS=Cerebratulus lacteus OX=6221 PE=1 SV=3
A0A1Y0D088/27-130    -            104 Bac_globin           PF01152.28   121      0.15   12.2   0.1   1   1    0.0035      0.35   11.0   0.1    69   106    54    91     1    99 0.71 tr|A0A1Y0D088|A0A1Y0D088_9GAMM Flavohemoprotein OS=Oceanisphaera avium OX=1903694 GN=hmp PE=3 SV=1
A0A1X0T5F2/27-128    -            102 Bac_globin           PF01152.28   121      0.15   12.1   0.0   1   1    0.0017      0.17   12.0   0.0    19    97     1    78     1    92 0.78 tr|A0A1X0T5F2|A0A1X0T5F2_9RHIZ GLOBIN domain-containing protein OS=Aurantimonas sp. 22II-16-19i OX=1317114 GN=ATO4_07600 PE=3 SV=1
A0A1W1USG8/34-135    -            102 Bac_globin           PF01152.28   121      0.15   12.1   0.0   1   1    0.0021      0.21   11.7   0.0    19   102     1    83     1    97 0.85 tr|A0A1W1USG8|A0A1W1USG8_9DEIO Hemoglobin-like flavoprotein OS=Deinococcus hopiensis KR-140 OX=695939 GN=SAMN00790413_04957 PE=3 SV=1
A0A2A2MKL7/27-127    -            101 Bac_globin           PF01152.28   121      0.15   12.1   1.7   1   1     0.015       1.5    8.9   1.7    69   106    54    91     1    98 0.83 tr|A0A2A2MKL7|A0A2A2MKL7_9VIBR Flavohemoprotein OS=Vibrio coralliilyticus OX=190893 GN=hmp PE=3 SV=1
A0A120HPB7/27-128    -            102 Bac_globin           PF01152.28   121      0.16   12.0   0.0   1   1     0.002       0.2   11.8   0.0    19    95     1    76     1    93 0.77 tr|A0A120HPB7|A0A120HPB7_9BRAD Hemin receptor OS=Bradyrhizobium sp. CCGE-LA001 OX=1223566 GN=BCCGELA001_12605 PE=3 SV=1
A0A150ZJH4/27-128    -            102 Bac_globin           PF01152.28   121      0.16   12.0   0.0   1   1     0.002       0.2   11.8   0.0    19    95     1    76     1    93 0.77 tr|A0A150ZJH4|A0A150ZJH4_9BRAD Hemin receptor OS=Bradyrhizobium sp. DOA1 OX=1126616 GN=SE91_21685 PE=3 SV=1
A0A0D8D3V2/27-130    -            104 Bac_globin           PF01152.28   121      0.17   11.9   0.0   1   1    0.0027      0.26   11.4   0.0    71   109    56    94    52    99 0.88 tr|A0A0D8D3V2|A0A0D8D3V2_9GAMM Dihydropteridine reductase OS=Thalassomonas actiniarum OX=485447 GN=SG35_04155 PE=3 SV=1
A0A086WT03/27-127    -            101 Bac_globin           PF01152.28   121      0.21   11.7   1.9   1   1     0.021       2.1    8.5   1.9    69   106    54    91     1    98 0.82 tr|A0A086WT03|A0A086WT03_9VIBR Flavohemoprotein OS=Vibrio sp. B183 OX=1526762 GN=hmp PE=3 SV=1
A0A0F4PEE3/27-127    -            101 Bac_globin           PF01152.28   121      0.21   11.7   1.9   1   1     0.021       2.1    8.5   1.9    69   106    54    91     1    98 0.82 tr|A0A0F4PEE3|A0A0F4PEE3_9VIBR Flavohemoprotein OS=Vibrio neptunius OX=170651 GN=hmp PE=3 SV=1
A0A1V0IBW8/27-127    -            101 Bac_globin           PF01152.28   121      0.21   11.7   1.9   1   1     0.021       2.1    8.5   1.9    69   106    54    91     1    98 0.82 tr|A0A1V0IBW8|A0A1V0IBW8_9VIBR Flavohemoprotein OS=Vibrio coralliilyticus OX=190893 GN=hmp PE=3 SV=1
A0A2A2CNB6/27-127    -            101 Bac_globin           PF01152.28   121      0.21   11.7   1.9   1   1     0.021       2.1    8.5   1.9    69   106    54    91     1    98 0.82 tr|A0A2A2CNB6|A0A2A2CNB6_9VIBR Flavohemoprotein OS=Vibrio coralliilyticus OX=190893 GN=hmp PE=3 SV=1
#
# Program:         hmmsearch
# Version:         3.4 (Aug 2023)
# Pipeline mode:   SEARCH
# Query file:      modelo_bac_globin.hmm
# Target file:     dominios_globin_recortados.fasta
# Option settings: hmmsearch --domtblout cruce_bac_vs_globin.out modelo_bac_globin.hmm dominios_globin_recortados.fasta 
# Current dir:     /mnt/c/Users/dinob/OneDrive/Escritorio/BioInfoTps/TP4/Archivos
# Date:            Wed Jun  3 02:23:01 2026
# [ok]
